[     152ms] [LOG] [Fast Refresh] rebuilding @ http://localhost:3000/_next/static/chunks/node_modules_next_dist_115brz8._.js:2477
[     433ms] [LOG] [Fast Refresh] done in 382ms @ http://localhost:3000/_next/static/chunks/node_modules_next_dist_115brz8._.js:2477
[     723ms] [INFO] %cDownload the React DevTools for a better development experience: https://react.dev/link/react-devtools font-weight:bold @ http://localhost:3000/_next/static/chunks/node_modules_next_dist_115brz8._.js:2477
[     938ms] [LOG] [HMR] connected @ http://localhost:3000/_next/static/chunks/node_modules_next_dist_115brz8._.js:2477
[    1139ms] [LOG] [Fast Refresh] rebuilding @ http://localhost:3000/_next/static/chunks/node_modules_next_dist_115brz8._.js:2477
[    1139ms] [LOG] [Fast Refresh] done in 119ms @ http://localhost:3000/_next/static/chunks/node_modules_next_dist_115brz8._.js:2477
[    1342ms] [LOG] [Fast Refresh] rebuilding @ http://localhost:3000/_next/static/chunks/node_modules_next_dist_115brz8._.js:2477
[    1798ms] [ERROR] Failed to load resource: the server responded with a status of 401 (Unauthorized) @ http://localhost:3000/api/v1/appearance:0
[    1931ms] [LOG] [Fast Refresh] done in 737ms @ http://localhost:3000/_next/static/chunks/node_modules_next_dist_115brz8._.js:2477
[  168804ms] [LOG] [Fast Refresh] rebuilding @ http://localhost:3000/_next/static/chunks/node_modules_next_dist_115brz8._.js:2477
[  177917ms] [ERROR] ./src/components/projects/v2/files-tab/TrashFilesCollection.tsx:4:1
Export Restore doesn't exist in target module
  2 | import React, { useEffect, useState } from "react";
  3 | import { useInfiniteQuery, useQueryClient } from "@tanstack/react-query";
> 4 | import { Restore } from "lucide-react";
    | ^^^^^^^^^^^^^^^^^^^^^^^^^^^^^^^^^^^^^^^
  5 | import { toast } from "sonner";
  6 | import { getTrashPage, restoreNode } from "@/app/actions/files/mutations";
  7 | import { useFilesWorkspaceView } from "./FilesWorkspaceViews";

The export Restore was not found in module [project]/node_modules/lucide-react/dist/esm/lucide-react.js [app-client] (ecmascript).
Did you mean to import Store?
All exports of the module are statically known (It doesn't have dynamic exports). So it's known statically that the requested export doesn't exist.

Import traces:
  Client Component Browser:
    ./src/components/projects/v2/files-tab/TrashFilesCollection.tsx [Client Component Browser]
    ./src/components/projects/v2/files-tab/FilesTabMain.tsx [Client Component Browser]
    ./src/components/projects/v2/files-tab/FilesTabRoot.tsx [Client Component Browser]
    ./src/components/projects/dashboard/ProjectDashboardClient.tsx [Client Component Browser]
    ./src/components/projects/dashboard/ProjectDashboardClient.tsx [Server Component]
    ./src/app/(main)/projects/[slug]/page.tsx [Server Component]

  Client Component SSR:
    ./src/components/projects/v2/files-tab/TrashFilesCollection.tsx [Client Component SSR]
    ./src/components/projects/v2/files-tab/FilesTabMain.tsx [Client Component SSR]
    ./src/components/projects/v2/files-tab/FilesTabRoot.tsx [Client Component SSR]
    ./src/components/projects/dashboard/ProjectDashboardClient.tsx [Client Component SSR]
    ./src/components/projects/dashboard/ProjectDashboardClient.tsx [Server Component]
    ./src/app/(main)/projects/[slug]/page.tsx [Server Component] @ http://localhost:3000/_next/static/chunks/node_modules_next_dist_115brz8._.js:3318
[  177918ms] [ERROR] ./src/components/projects/v2/files-tab/TrashFilesCollection.tsx:4:1
Export Restore doesn't exist in target module
  2 | import React, { useEffect, useState } from "react";
  3 | import { useInfiniteQuery, useQueryClient } from "@tanstack/react-query";
> 4 | import { Restore } from "lucide-react";
    | ^^^^^^^^^^^^^^^^^^^^^^^^^^^^^^^^^^^^^^^
  5 | import { toast } from "sonner";
  6 | import { getTrashPage, restoreNode } from "@/app/actions/files/mutations";
  7 | import { useFilesWorkspaceView } from "./FilesWorkspaceViews";

The export Restore was not found in module [project]/node_modules/lucide-react/dist/esm/lucide-react.js [app-ssr] (ecmascript).
Did you mean to import Store?
All exports of the module are statically known (It doesn't have dynamic exports). So it's known statically that the requested export doesn't exist.

Import traces:
  Client Component Browser:
    ./src/components/projects/v2/files-tab/TrashFilesCollection.tsx [Client Component Browser]
    ./src/components/projects/v2/files-tab/FilesTabMain.tsx [Client Component Browser]
    ./src/components/projects/v2/files-tab/FilesTabRoot.tsx [Client Component Browser]
    ./src/components/projects/dashboard/ProjectDashboardClient.tsx [Client Component Browser]
    ./src/components/projects/dashboard/ProjectDashboardClient.tsx [Server Component]
    ./src/app/(main)/projects/[slug]/page.tsx [Server Component]

  Client Component SSR:
    ./src/components/projects/v2/files-tab/TrashFilesCollection.tsx [Client Component SSR]
    ./src/components/projects/v2/files-tab/FilesTabMain.tsx [Client Component SSR]
    ./src/components/projects/v2/files-tab/FilesTabRoot.tsx [Client Component SSR]
    ./src/components/projects/dashboard/ProjectDashboardClient.tsx [Client Component SSR]
    ./src/components/projects/dashboard/ProjectDashboardClient.tsx [Server Component]
    ./src/app/(main)/projects/[slug]/page.tsx [Server Component] @ http://localhost:3000/_next/static/chunks/node_modules_next_dist_115brz8._.js:3318
[  179544ms] [ERROR] ./src/components/projects/v2/files-tab/TrashFilesCollection.tsx:4:1
Export Restore doesn't exist in target module
  2 | import React, { useEffect, useState } from "react";
  3 | import { useInfiniteQuery, useQueryClient } from "@tanstack/react-query";
> 4 | import { Restore } from "lucide-react";
    | ^^^^^^^^^^^^^^^^^^^^^^^^^^^^^^^^^^^^^^^
  5 | import { toast } from "sonner";
  6 | import { getTrashPage, restoreNode } from "@/app/actions/files/mutations";
  7 | import { useFilesWorkspaceView } from "./FilesWorkspaceViews";

The export Restore was not found in module [project]/node_modules/lucide-react/dist/esm/lucide-react.js [app-client] (ecmascript).
Did you mean to import Store?
All exports of the module are statically known (It doesn't have dynamic exports). So it's known statically that the requested export doesn't exist.

Import traces:
  Client Component Browser:
    ./src/components/projects/v2/files-tab/TrashFilesCollection.tsx [Client Component Browser]
    ./src/components/projects/v2/files-tab/FilesTabMain.tsx [Client Component Browser]
    ./src/components/projects/v2/files-tab/FilesTabRoot.tsx [Client Component Browser]
    ./src/components/projects/dashboard/ProjectDashboardClient.tsx [Client Component Browser]
    ./src/components/projects/dashboard/ProjectDashboardClient.tsx [Server Component]
    ./src/app/(main)/projects/[slug]/page.tsx [Server Component]

  Client Component SSR:
    ./src/components/projects/v2/files-tab/TrashFilesCollection.tsx [Client Component SSR]
    ./src/components/projects/v2/files-tab/FilesTabMain.tsx [Client Component SSR]
    ./src/components/projects/v2/files-tab/FilesTabRoot.tsx [Client Component SSR]
    ./src/components/projects/dashboard/ProjectDashboardClient.tsx [Client Component SSR]
    ./src/components/projects/dashboard/ProjectDashboardClient.tsx [Server Component]
    ./src/app/(main)/projects/[slug]/page.tsx [Server Component] @ http://localhost:3000/_next/static/chunks/node_modules_next_dist_115brz8._.js:3318
[  179546ms] [ERROR] ./src/components/projects/v2/files-tab/TrashFilesCollection.tsx:4:1
Export Restore doesn't exist in target module
  2 | import React, { useEffect, useState } from "react";
  3 | import { useInfiniteQuery, useQueryClient } from "@tanstack/react-query";
> 4 | import { Restore } from "lucide-react";
    | ^^^^^^^^^^^^^^^^^^^^^^^^^^^^^^^^^^^^^^^
  5 | import { toast } from "sonner";
  6 | import { getTrashPage, restoreNode } from "@/app/actions/files/mutations";
  7 | import { useFilesWorkspaceView } from "./FilesWorkspaceViews";

The export Restore was not found in module [project]/node_modules/lucide-react/dist/esm/lucide-react.js [app-ssr] (ecmascript).
Did you mean to import Store?
All exports of the module are statically known (It doesn't have dynamic exports). So it's known statically that the requested export doesn't exist.

Import traces:
  Client Component Browser:
    ./src/components/projects/v2/files-tab/TrashFilesCollection.tsx [Client Component Browser]
    ./src/components/projects/v2/files-tab/FilesTabMain.tsx [Client Component Browser]
    ./src/components/projects/v2/files-tab/FilesTabRoot.tsx [Client Component Browser]
    ./src/components/projects/dashboard/ProjectDashboardClient.tsx [Client Component Browser]
    ./src/components/projects/dashboard/ProjectDashboardClient.tsx [Server Component]
    ./src/app/(main)/projects/[slug]/page.tsx [Server Component]

  Client Component SSR:
    ./src/components/projects/v2/files-tab/TrashFilesCollection.tsx [Client Component SSR]
    ./src/components/projects/v2/files-tab/FilesTabMain.tsx [Client Component SSR]
    ./src/components/projects/v2/files-tab/FilesTabRoot.tsx [Client Component SSR]
    ./src/components/projects/dashboard/ProjectDashboardClient.tsx [Client Component SSR]
    ./src/components/projects/dashboard/ProjectDashboardClient.tsx [Server Component]
    ./src/app/(main)/projects/[slug]/page.tsx [Server Component] @ http://localhost:3000/_next/static/chunks/node_modules_next_dist_115brz8._.js:3318
[  179605ms] [ERROR] ./src/components/projects/v2/files-tab/TrashFilesCollection.tsx:4:1
Export Restore doesn't exist in target module
  2 | import React, { useEffect, useState } from "react";
  3 | import { useInfiniteQuery, useQueryClient } from "@tanstack/react-query";
> 4 | import { Restore } from "lucide-react";
    | ^^^^^^^^^^^^^^^^^^^^^^^^^^^^^^^^^^^^^^^
  5 | import { toast } from "sonner";
  6 | import { getTrashPage, restoreNode } from "@/app/actions/files/mutations";
  7 | import { useFilesWorkspaceView } from "./FilesWorkspaceViews";

The export Restore was not found in module [project]/node_modules/lucide-react/dist/esm/lucide-react.js [app-client] (ecmascript).
Did you mean to import Store?
All exports of the module are statically known (It doesn't have dynamic exports). So it's known statically that the requested export doesn't exist.

Import traces:
  Client Component Browser:
    ./src/components/projects/v2/files-tab/TrashFilesCollection.tsx [Client Component Browser]
    ./src/components/projects/v2/files-tab/FilesTabMain.tsx [Client Component Browser]
    ./src/components/projects/v2/files-tab/FilesTabRoot.tsx [Client Component Browser]
    ./src/components/projects/dashboard/ProjectDashboardClient.tsx [Client Component Browser]
    ./src/components/projects/dashboard/ProjectDashboardClient.tsx [Server Component]
    ./src/app/(main)/projects/[slug]/page.tsx [Server Component]

  Client Component SSR:
    ./src/components/projects/v2/files-tab/TrashFilesCollection.tsx [Client Component SSR]
    ./src/components/projects/v2/files-tab/FilesTabMain.tsx [Client Component SSR]
    ./src/components/projects/v2/files-tab/FilesTabRoot.tsx [Client Component SSR]
    ./src/components/projects/dashboard/ProjectDashboardClient.tsx [Client Component SSR]
    ./src/components/projects/dashboard/ProjectDashboardClient.tsx [Server Component]
    ./src/app/(main)/projects/[slug]/page.tsx [Server Component] @ http://localhost:3000/_next/static/chunks/node_modules_next_dist_115brz8._.js:3318
[  179609ms] [ERROR] ./src/components/projects/v2/files-tab/TrashFilesCollection.tsx:4:1
Export Restore doesn't exist in target module
  2 | import React, { useEffect, useState } from "react";
  3 | import { useInfiniteQuery, useQueryClient } from "@tanstack/react-query";
> 4 | import { Restore } from "lucide-react";
    | ^^^^^^^^^^^^^^^^^^^^^^^^^^^^^^^^^^^^^^^
  5 | import { toast } from "sonner";
  6 | import { getTrashPage, restoreNode } from "@/app/actions/files/mutations";
  7 | import { useFilesWorkspaceView } from "./FilesWorkspaceViews";

The export Restore was not found in module [project]/node_modules/lucide-react/dist/esm/lucide-react.js [app-ssr] (ecmascript).
Did you mean to import Store?
All exports of the module are statically known (It doesn't have dynamic exports). So it's known statically that the requested export doesn't exist.

Import traces:
  Client Component Browser:
    ./src/components/projects/v2/files-tab/TrashFilesCollection.tsx [Client Component Browser]
    ./src/components/projects/v2/files-tab/FilesTabMain.tsx [Client Component Browser]
    ./src/components/projects/v2/files-tab/FilesTabRoot.tsx [Client Component Browser]
    ./src/components/projects/dashboard/ProjectDashboardClient.tsx [Client Component Browser]
    ./src/components/projects/dashboard/ProjectDashboardClient.tsx [Server Component]
    ./src/app/(main)/projects/[slug]/page.tsx [Server Component]

  Client Component SSR:
    ./src/components/projects/v2/files-tab/TrashFilesCollection.tsx [Client Component SSR]
    ./src/components/projects/v2/files-tab/FilesTabMain.tsx [Client Component SSR]
    ./src/components/projects/v2/files-tab/FilesTabRoot.tsx [Client Component SSR]
    ./src/components/projects/dashboard/ProjectDashboardClient.tsx [Client Component SSR]
    ./src/components/projects/dashboard/ProjectDashboardClient.tsx [Server Component]
    ./src/app/(main)/projects/[slug]/page.tsx [Server Component] @ http://localhost:3000/_next/static/chunks/node_modules_next_dist_115brz8._.js:3318
[  179653ms] [ERROR] Failed to load resource: the server responded with a status of 500 (Internal Server Error) @ http://localhost:3000/projects/deepscope-ai?tab=files&_rsc=LPmwyHfmjNBttvsj:0
[  179711ms] [ERROR] Failed to load resource: the server responded with a status of 500 (Internal Server Error) @ http://localhost:3000/projects/deepscope-ai?tab=files&_rsc=LPmwyHfmjNBttvsj:0
[  179724ms] [LOG] [Fast Refresh] rebuilding @ http://localhost:3000/_next/static/chunks/node_modules_next_dist_115brz8._.js:2477
[  179757ms] [ERROR] Failed to load resource: the server responded with a status of 500 (Internal Server Error) @ http://localhost:3000/projects/deepscope-ai?tab=files&_rsc=LPmwyHfmjNBttvsj:0
[  179784ms] [ERROR] Failed to load resource: the server responded with a status of 500 (Internal Server Error) @ http://localhost:3000/projects/deepscope-ai?tab=files&_rsc=LPmwyHfmjNBttvsj:0
[  179817ms] [ERROR] ./src/components/projects/v2/files-tab/TrashFilesCollection.tsx:4:1
Export Restore doesn't exist in target module
  2 | import React, { useEffect, useState } from "react";
  3 | import { useInfiniteQuery, useQueryClient } from "@tanstack/react-query";
> 4 | import { Restore } from "lucide-react";
    | ^^^^^^^^^^^^^^^^^^^^^^^^^^^^^^^^^^^^^^^
  5 | import { toast } from "sonner";
  6 | import { getTrashPage, restoreNode } from "@/app/actions/files/mutations";
  7 | import { useFilesWorkspaceView } from "./FilesWorkspaceViews";

The export Restore was not found in module [project]/node_modules/lucide-react/dist/esm/lucide-react.js [app-client] (ecmascript).
Did you mean to import Store?
All exports of the module are statically known (It doesn't have dynamic exports). So it's known statically that the requested export doesn't exist.

Import traces:
  Client Component Browser:
    ./src/components/projects/v2/files-tab/TrashFilesCollection.tsx [Client Component Browser]
    ./src/components/projects/v2/files-tab/FilesTabMain.tsx [Client Component Browser]
    ./src/components/projects/v2/files-tab/FilesTabRoot.tsx [Client Component Browser]
    ./src/components/projects/dashboard/ProjectDashboardClient.tsx [Client Component Browser]
    ./src/components/projects/dashboard/ProjectDashboardClient.tsx [Server Component]
    ./src/app/(main)/projects/[slug]/page.tsx [Server Component]

  Client Component SSR:
    ./src/components/projects/v2/files-tab/TrashFilesCollection.tsx [Client Component SSR]
    ./src/components/projects/v2/files-tab/FilesTabMain.tsx [Client Component SSR]
    ./src/components/projects/v2/files-tab/FilesTabRoot.tsx [Client Component SSR]
    ./src/components/projects/dashboard/ProjectDashboardClient.tsx [Client Component SSR]
    ./src/components/projects/dashboard/ProjectDashboardClient.tsx [Server Component]
    ./src/app/(main)/projects/[slug]/page.tsx [Server Component] @ http://localhost:3000/_next/static/chunks/node_modules_next_dist_115brz8._.js:3318
[  179818ms] [ERROR] ./src/components/projects/v2/files-tab/TrashFilesCollection.tsx:4:1
Export Restore doesn't exist in target module
  2 | import React, { useEffect, useState } from "react";
  3 | import { useInfiniteQuery, useQueryClient } from "@tanstack/react-query";
> 4 | import { Restore } from "lucide-react";
    | ^^^^^^^^^^^^^^^^^^^^^^^^^^^^^^^^^^^^^^^
  5 | import { toast } from "sonner";
  6 | import { getTrashPage, restoreNode } from "@/app/actions/files/mutations";
  7 | import { useFilesWorkspaceView } from "./FilesWorkspaceViews";

The export Restore was not found in module [project]/node_modules/lucide-react/dist/esm/lucide-react.js [app-ssr] (ecmascript).
Did you mean to import Store?
All exports of the module are statically known (It doesn't have dynamic exports). So it's known statically that the requested export doesn't exist.

Import traces:
  Client Component Browser:
    ./src/components/projects/v2/files-tab/TrashFilesCollection.tsx [Client Component Browser]
    ./src/components/projects/v2/files-tab/FilesTabMain.tsx [Client Component Browser]
    ./src/components/projects/v2/files-tab/FilesTabRoot.tsx [Client Component Browser]
    ./src/components/projects/dashboard/ProjectDashboardClient.tsx [Client Component Browser]
    ./src/components/projects/dashboard/ProjectDashboardClient.tsx [Server Component]
    ./src/app/(main)/projects/[slug]/page.tsx [Server Component]

  Client Component SSR:
    ./src/components/projects/v2/files-tab/TrashFilesCollection.tsx [Client Component SSR]
    ./src/components/projects/v2/files-tab/FilesTabMain.tsx [Client Component SSR]
    ./src/components/projects/v2/files-tab/FilesTabRoot.tsx [Client Component SSR]
    ./src/components/projects/dashboard/ProjectDashboardClient.tsx [Client Component SSR]
    ./src/components/projects/dashboard/ProjectDashboardClient.tsx [Server Component]
    ./src/app/(main)/projects/[slug]/page.tsx [Server Component] @ http://localhost:3000/_next/static/chunks/node_modules_next_dist_115brz8._.js:3318
[  179943ms] [LOG] [Fast Refresh] rebuilding @ http://localhost:3000/_next/static/chunks/node_modules_next_dist_115brz8._.js:2477
[  180020ms] [ERROR] ./src/components/projects/v2/files-tab/TrashFilesCollection.tsx:4:1
Export Restore doesn't exist in target module
  2 | import React, { useEffect, useState } from "react";
  3 | import { useInfiniteQuery, useQueryClient } from "@tanstack/react-query";
> 4 | import { Restore } from "lucide-react";
    | ^^^^^^^^^^^^^^^^^^^^^^^^^^^^^^^^^^^^^^^
  5 | import { toast } from "sonner";
  6 | import { getTrashPage, restoreNode } from "@/app/actions/files/mutations";
  7 | import { useFilesWorkspaceView } from "./FilesWorkspaceViews";

The export Restore was not found in module [project]/node_modules/lucide-react/dist/esm/lucide-react.js [app-client] (ecmascript).
Did you mean to import Store?
All exports of the module are statically known (It doesn't have dynamic exports). So it's known statically that the requested export doesn't exist.

Import traces:
  Client Component Browser:
    ./src/components/projects/v2/files-tab/TrashFilesCollection.tsx [Client Component Browser]
    ./src/components/projects/v2/files-tab/FilesTabMain.tsx [Client Component Browser]
    ./src/components/projects/v2/files-tab/FilesTabRoot.tsx [Client Component Browser]
    ./src/components/projects/dashboard/ProjectDashboardClient.tsx [Client Component Browser]
    ./src/components/projects/dashboard/ProjectDashboardClient.tsx [Server Component]
    ./src/app/(main)/projects/[slug]/page.tsx [Server Component]

  Client Component SSR:
    ./src/components/projects/v2/files-tab/TrashFilesCollection.tsx [Client Component SSR]
    ./src/components/projects/v2/files-tab/FilesTabMain.tsx [Client Component SSR]
    ./src/components/projects/v2/files-tab/FilesTabRoot.tsx [Client Component SSR]
    ./src/components/projects/dashboard/ProjectDashboardClient.tsx [Client Component SSR]
    ./src/components/projects/dashboard/ProjectDashboardClient.tsx [Server Component]
    ./src/app/(main)/projects/[slug]/page.tsx [Server Component] @ http://localhost:3000/_next/static/chunks/node_modules_next_dist_115brz8._.js:3318
[  180021ms] [ERROR] ./src/components/projects/v2/files-tab/TrashFilesCollection.tsx:4:1
Export Restore doesn't exist in target module
  2 | import React, { useEffect, useState } from "react";
  3 | import { useInfiniteQuery, useQueryClient } from "@tanstack/react-query";
> 4 | import { Restore } from "lucide-react";
    | ^^^^^^^^^^^^^^^^^^^^^^^^^^^^^^^^^^^^^^^
  5 | import { toast } from "sonner";
  6 | import { getTrashPage, restoreNode } from "@/app/actions/files/mutations";
  7 | import { useFilesWorkspaceView } from "./FilesWorkspaceViews";

The export Restore was not found in module [project]/node_modules/lucide-react/dist/esm/lucide-react.js [app-ssr] (ecmascript).
Did you mean to import Store?
All exports of the module are statically known (It doesn't have dynamic exports). So it's known statically that the requested export doesn't exist.

Import traces:
  Client Component Browser:
    ./src/components/projects/v2/files-tab/TrashFilesCollection.tsx [Client Component Browser]
    ./src/components/projects/v2/files-tab/FilesTabMain.tsx [Client Component Browser]
    ./src/components/projects/v2/files-tab/FilesTabRoot.tsx [Client Component Browser]
    ./src/components/projects/dashboard/ProjectDashboardClient.tsx [Client Component Browser]
    ./src/components/projects/dashboard/ProjectDashboardClient.tsx [Server Component]
    ./src/app/(main)/projects/[slug]/page.tsx [Server Component]

  Client Component SSR:
    ./src/components/projects/v2/files-tab/TrashFilesCollection.tsx [Client Component SSR]
    ./src/components/projects/v2/files-tab/FilesTabMain.tsx [Client Component SSR]
    ./src/components/projects/v2/files-tab/FilesTabRoot.tsx [Client Component SSR]
    ./src/components/projects/dashboard/ProjectDashboardClient.tsx [Client Component SSR]
    ./src/components/projects/dashboard/ProjectDashboardClient.tsx [Server Component]
    ./src/app/(main)/projects/[slug]/page.tsx [Server Component] @ http://localhost:3000/_next/static/chunks/node_modules_next_dist_115brz8._.js:3318
[  180096ms] [ERROR] Failed to load resource: the server responded with a status of 500 (Internal Server Error) @ http://localhost:3000/projects/deepscope-ai?tab=files:0
[  180254ms] [INFO] %cDownload the React DevTools for a better development experience: https://react.dev/link/react-devtools font-weight:bold @ http://localhost:3000/_next/static/chunks/node_modules_react-dom_0bruynb._.js:15305
[  180323ms] [ERROR] Refused to execute script from 'http://localhost:3000/_next/static/development/_clientMiddlewareManifest.js' because its MIME type ('application/json') is not executable, and strict MIME type checking is enabled. @ http://localhost:3000/projects/deepscope-ai?tab=files:0
[  180414ms] Error: ./src/components/projects/v2/files-tab/TrashFilesCollection.tsx:4:1
Export Restore doesn't exist in target module
  2 | import React, { useEffect, useState } from "react";
  3 | import { useInfiniteQuery, useQueryClient } from "@tanstack/react-query";
> 4 | import { Restore } from "lucide-react";
    | ^^^^^^^^^^^^^^^^^^^^^^^^^^^^^^^^^^^^^^^
  5 | import { toast } from "sonner";
  6 | import { getTrashPage, restoreNode } from "@/app/actions/files/mutations";
  7 | import { useFilesWorkspaceView } from "./FilesWorkspaceViews";

The export Restore was not found in module [project]/node_modules/lucide-react/dist/esm/lucide-react.js [app-client] (ecmascript).
Did you mean to import Store?
All exports of the module are statically known (It doesn't have dynamic exports). So it's known statically that the requested export doesn't exist.

Import traces:
  Client Component Browser:
    ./src/components/projects/v2/files-tab/TrashFilesCollection.tsx [Client Component Browser]
    ./src/components/projects/v2/files-tab/FilesTabMain.tsx [Client Component Browser]
    ./src/components/projects/v2/files-tab/FilesTabRoot.tsx [Client Component Browser]
    ./src/components/projects/dashboard/ProjectDashboardClient.tsx [Client Component Browser]
    ./src/components/projects/dashboard/ProjectDashboardClient.tsx [Server Component]
    ./src/app/(main)/projects/[slug]/page.tsx [Server Component]

  Client Component SSR:
    ./src/components/projects/v2/files-tab/TrashFilesCollection.tsx [Client Component SSR]
    ./src/components/projects/v2/files-tab/FilesTabMain.tsx [Client Component SSR]
    ./src/components/projects/v2/files-tab/FilesTabRoot.tsx [Client Component SSR]
    ./src/components/projects/dashboard/ProjectDashboardClient.tsx [Client Component SSR]
    ./src/components/projects/dashboard/ProjectDashboardClient.tsx [Server Component]
    ./src/app/(main)/projects/[slug]/page.tsx [Server Component]


    at <unknown> (Error: ./src/components/projects/v2/files-tab/TrashFilesCollection.tsx:4:1)
    at Object.getCompilationErrors (file:///Users/chrama/Downloads/nb-s3/node_modules/next/dist/server/dev/hot-reloader-turbopack.js:1186:59)
    at DevBundlerService.getCompilationError (file:///Users/chrama/Downloads/nb-s3/node_modules/next/dist/server/lib/dev-bundler-service.js:44:55)
    at DevServer.getCompilationError (file:///Users/chrama/Downloads/nb-s3/node_modules/next/dist/server/dev/next-dev-server.js:720:42)
    at DevServer.findPageComponents (file:///Users/chrama/Downloads/nb-s3/node_modules/next/dist/server/dev/next-dev-server.js:690:43)
    at async DevServer.renderErrorToResponseImpl (file:///Users/chrama/Downloads/nb-s3/node_modules/next/dist/server/base-server.js:1753:26)
[  180342ms] [LOG] [HMR] connected @ http://localhost:3000/_next/static/chunks/node_modules_next_dist_0u_w_5s._.js:1226
[  180349ms] [ERROR] ./src/components/projects/v2/files-tab/TrashFilesCollection.tsx:4:1
Export Restore doesn't exist in target module
  2 | import React, { useEffect, useState } from "react";
  3 | import { useInfiniteQuery, useQueryClient } from "@tanstack/react-query";
> 4 | import { Restore } from "lucide-react";
    | ^^^^^^^^^^^^^^^^^^^^^^^^^^^^^^^^^^^^^^^
  5 | import { toast } from "sonner";
  6 | import { getTrashPage, restoreNode } from "@/app/actions/files/mutations";
  7 | import { useFilesWorkspaceView } from "./FilesWorkspaceViews";

The export Restore was not found in module [project]/node_modules/lucide-react/dist/esm/lucide-react.js [app-client] (ecmascript).
Did you mean to import Store?
All exports of the module are statically known (It doesn't have dynamic exports). So it's known statically that the requested export doesn't exist.

Import traces:
  Client Component Browser:
    ./src/components/projects/v2/files-tab/TrashFilesCollection.tsx [Client Component Browser]
    ./src/components/projects/v2/files-tab/FilesTabMain.tsx [Client Component Browser]
    ./src/components/projects/v2/files-tab/FilesTabRoot.tsx [Client Component Browser]
    ./src/components/projects/dashboard/ProjectDashboardClient.tsx [Client Component Browser]
    ./src/components/projects/dashboard/ProjectDashboardClient.tsx [Server Component]
    ./src/app/(main)/projects/[slug]/page.tsx [Server Component]

  Client Component SSR:
    ./src/components/projects/v2/files-tab/TrashFilesCollection.tsx [Client Component SSR]
    ./src/components/projects/v2/files-tab/FilesTabMain.tsx [Client Component SSR]
    ./src/components/projects/v2/files-tab/FilesTabRoot.tsx [Client Component SSR]
    ./src/components/projects/dashboard/ProjectDashboardClient.tsx [Client Component SSR]
    ./src/components/projects/dashboard/ProjectDashboardClient.tsx [Server Component]
    ./src/app/(main)/projects/[slug]/page.tsx [Server Component] @ http://localhost:3000/_next/static/chunks/node_modules_next_dist_0u_w_5s._.js:1945
[  180350ms] [ERROR] ./src/components/projects/v2/files-tab/TrashFilesCollection.tsx:4:1
Export Restore doesn't exist in target module
  2 | import React, { useEffect, useState } from "react";
  3 | import { useInfiniteQuery, useQueryClient } from "@tanstack/react-query";
> 4 | import { Restore } from "lucide-react";
    | ^^^^^^^^^^^^^^^^^^^^^^^^^^^^^^^^^^^^^^^
  5 | import { toast } from "sonner";
  6 | import { getTrashPage, restoreNode } from "@/app/actions/files/mutations";
  7 | import { useFilesWorkspaceView } from "./FilesWorkspaceViews";

The export Restore was not found in module [project]/node_modules/lucide-react/dist/esm/lucide-react.js [app-ssr] (ecmascript).
Did you mean to import Store?
All exports of the module are statically known (It doesn't have dynamic exports). So it's known statically that the requested export doesn't exist.

Import traces:
  Client Component Browser:
    ./src/components/projects/v2/files-tab/TrashFilesCollection.tsx [Client Component Browser]
    ./src/components/projects/v2/files-tab/FilesTabMain.tsx [Client Component Browser]
    ./src/components/projects/v2/files-tab/FilesTabRoot.tsx [Client Component Browser]
    ./src/components/projects/dashboard/ProjectDashboardClient.tsx [Client Component Browser]
    ./src/components/projects/dashboard/ProjectDashboardClient.tsx [Server Component]
    ./src/app/(main)/projects/[slug]/page.tsx [Server Component]

  Client Component SSR:
    ./src/components/projects/v2/files-tab/TrashFilesCollection.tsx [Client Component SSR]
    ./src/components/projects/v2/files-tab/FilesTabMain.tsx [Client Component SSR]
    ./src/components/projects/v2/files-tab/FilesTabRoot.tsx [Client Component SSR]
    ./src/components/projects/dashboard/ProjectDashboardClient.tsx [Client Component SSR]
    ./src/components/projects/dashboard/ProjectDashboardClient.tsx [Server Component]
    ./src/app/(main)/projects/[slug]/page.tsx [Server Component] @ http://localhost:3000/_next/static/chunks/node_modules_next_dist_0u_w_5s._.js:1945
[  180499ms] [ERROR] ./src/components/projects/v2/files-tab/TrashFilesCollection.tsx:4:1
Export Restore doesn't exist in target module
  2 | import React, { useEffect, useState } from "react";
  3 | import { useInfiniteQuery, useQueryClient } from "@tanstack/react-query";
> 4 | import { Restore } from "lucide-react";
    | ^^^^^^^^^^^^^^^^^^^^^^^^^^^^^^^^^^^^^^^
  5 | import { toast } from "sonner";
  6 | import { getTrashPage, restoreNode } from "@/app/actions/files/mutations";
  7 | import { useFilesWorkspaceView } from "./FilesWorkspaceViews";

The export Restore was not found in module [project]/node_modules/lucide-react/dist/esm/lucide-react.js [app-client] (ecmascript).
Did you mean to import Store?
All exports of the module are statically known (It doesn't have dynamic exports). So it's known statically that the requested export doesn't exist.

Import traces:
  Client Component Browser:
    ./src/components/projects/v2/files-tab/TrashFilesCollection.tsx [Client Component Browser]
    ./src/components/projects/v2/files-tab/FilesTabMain.tsx [Client Component Browser]
    ./src/components/projects/v2/files-tab/FilesTabRoot.tsx [Client Component Browser]
    ./src/components/projects/dashboard/ProjectDashboardClient.tsx [Client Component Browser]
    ./src/components/projects/dashboard/ProjectDashboardClient.tsx [Server Component]
    ./src/app/(main)/projects/[slug]/page.tsx [Server Component]

  Client Component SSR:
    ./src/components/projects/v2/files-tab/TrashFilesCollection.tsx [Client Component SSR]
    ./src/components/projects/v2/files-tab/FilesTabMain.tsx [Client Component SSR]
    ./src/components/projects/v2/files-tab/FilesTabRoot.tsx [Client Component SSR]
    ./src/components/projects/dashboard/ProjectDashboardClient.tsx [Client Component SSR]
    ./src/components/projects/dashboard/ProjectDashboardClient.tsx [Server Component]
    ./src/app/(main)/projects/[slug]/page.tsx [Server Component] @ http://localhost:3000/_next/static/chunks/node_modules_next_dist_0u_w_5s._.js:1945
[  180499ms] [ERROR] ./src/components/projects/v2/files-tab/TrashFilesCollection.tsx:4:1
Export Restore doesn't exist in target module
  2 | import React, { useEffect, useState } from "react";
  3 | import { useInfiniteQuery, useQueryClient } from "@tanstack/react-query";
> 4 | import { Restore } from "lucide-react";
    | ^^^^^^^^^^^^^^^^^^^^^^^^^^^^^^^^^^^^^^^
  5 | import { toast } from "sonner";
  6 | import { getTrashPage, restoreNode } from "@/app/actions/files/mutations";
  7 | import { useFilesWorkspaceView } from "./FilesWorkspaceViews";

The export Restore was not found in module [project]/node_modules/lucide-react/dist/esm/lucide-react.js [app-ssr] (ecmascript).
Did you mean to import Store?
All exports of the module are statically known (It doesn't have dynamic exports). So it's known statically that the requested export doesn't exist.

Import traces:
  Client Component Browser:
    ./src/components/projects/v2/files-tab/TrashFilesCollection.tsx [Client Component Browser]
    ./src/components/projects/v2/files-tab/FilesTabMain.tsx [Client Component Browser]
    ./src/components/projects/v2/files-tab/FilesTabRoot.tsx [Client Component Browser]
    ./src/components/projects/dashboard/ProjectDashboardClient.tsx [Client Component Browser]
    ./src/components/projects/dashboard/ProjectDashboardClient.tsx [Server Component]
    ./src/app/(main)/projects/[slug]/page.tsx [Server Component]

  Client Component SSR:
    ./src/components/projects/v2/files-tab/TrashFilesCollection.tsx [Client Component SSR]
    ./src/components/projects/v2/files-tab/FilesTabMain.tsx [Client Component SSR]
    ./src/components/projects/v2/files-tab/FilesTabRoot.tsx [Client Component SSR]
    ./src/components/projects/dashboard/ProjectDashboardClient.tsx [Client Component SSR]
    ./src/components/projects/dashboard/ProjectDashboardClient.tsx [Server Component]
    ./src/app/(main)/projects/[slug]/page.tsx [Server Component] @ http://localhost:3000/_next/static/chunks/node_modules_next_dist_0u_w_5s._.js:1945
[  180547ms] [ERROR] ./src/components/projects/v2/files-tab/TrashFilesCollection.tsx:4:1
Export Restore doesn't exist in target module
  2 | import React, { useEffect, useState } from "react";
  3 | import { useInfiniteQuery, useQueryClient } from "@tanstack/react-query";
> 4 | import { Restore } from "lucide-react";
    | ^^^^^^^^^^^^^^^^^^^^^^^^^^^^^^^^^^^^^^^
  5 | import { toast } from "sonner";
  6 | import { getTrashPage, restoreNode } from "@/app/actions/files/mutations";
  7 | import { useFilesWorkspaceView } from "./FilesWorkspaceViews";

The export Restore was not found in module [project]/node_modules/lucide-react/dist/esm/lucide-react.js [app-client] (ecmascript).
Did you mean to import Store?
All exports of the module are statically known (It doesn't have dynamic exports). So it's known statically that the requested export doesn't exist.

Import traces:
  Client Component Browser:
    ./src/components/projects/v2/files-tab/TrashFilesCollection.tsx [Client Component Browser]
    ./src/components/projects/v2/files-tab/FilesTabMain.tsx [Client Component Browser]
    ./src/components/projects/v2/files-tab/FilesTabRoot.tsx [Client Component Browser]
    ./src/components/projects/dashboard/ProjectDashboardClient.tsx [Client Component Browser]
    ./src/components/projects/dashboard/ProjectDashboardClient.tsx [Server Component]
    ./src/app/(main)/projects/[slug]/page.tsx [Server Component]

  Client Component SSR:
    ./src/components/projects/v2/files-tab/TrashFilesCollection.tsx [Client Component SSR]
    ./src/components/projects/v2/files-tab/FilesTabMain.tsx [Client Component SSR]
    ./src/components/projects/v2/files-tab/FilesTabRoot.tsx [Client Component SSR]
    ./src/components/projects/dashboard/ProjectDashboardClient.tsx [Client Component SSR]
    ./src/components/projects/dashboard/ProjectDashboardClient.tsx [Server Component]
    ./src/app/(main)/projects/[slug]/page.tsx [Server Component] @ http://localhost:3000/_next/static/chunks/node_modules_next_dist_0u_w_5s._.js:1945
[  180547ms] [ERROR] ./src/components/projects/v2/files-tab/TrashFilesCollection.tsx:4:1
Export Restore doesn't exist in target module
  2 | import React, { useEffect, useState } from "react";
  3 | import { useInfiniteQuery, useQueryClient } from "@tanstack/react-query";
> 4 | import { Restore } from "lucide-react";
    | ^^^^^^^^^^^^^^^^^^^^^^^^^^^^^^^^^^^^^^^
  5 | import { toast } from "sonner";
  6 | import { getTrashPage, restoreNode } from "@/app/actions/files/mutations";
  7 | import { useFilesWorkspaceView } from "./FilesWorkspaceViews";

The export Restore was not found in module [project]/node_modules/lucide-react/dist/esm/lucide-react.js [app-ssr] (ecmascript).
Did you mean to import Store?
All exports of the module are statically known (It doesn't have dynamic exports). So it's known statically that the requested export doesn't exist.

Import traces:
  Client Component Browser:
    ./src/components/projects/v2/files-tab/TrashFilesCollection.tsx [Client Component Browser]
    ./src/components/projects/v2/files-tab/FilesTabMain.tsx [Client Component Browser]
    ./src/components/projects/v2/files-tab/FilesTabRoot.tsx [Client Component Browser]
    ./src/components/projects/dashboard/ProjectDashboardClient.tsx [Client Component Browser]
    ./src/components/projects/dashboard/ProjectDashboardClient.tsx [Server Component]
    ./src/app/(main)/projects/[slug]/page.tsx [Server Component]

  Client Component SSR:
    ./src/components/projects/v2/files-tab/TrashFilesCollection.tsx [Client Component SSR]
    ./src/components/projects/v2/files-tab/FilesTabMain.tsx [Client Component SSR]
    ./src/components/projects/v2/files-tab/FilesTabRoot.tsx [Client Component SSR]
    ./src/components/projects/dashboard/ProjectDashboardClient.tsx [Client Component SSR]
    ./src/components/projects/dashboard/ProjectDashboardClient.tsx [Server Component]
    ./src/app/(main)/projects/[slug]/page.tsx [Server Component] @ http://localhost:3000/_next/static/chunks/node_modules_next_dist_0u_w_5s._.js:1945
[  180611ms] [LOG] [Fast Refresh] rebuilding @ http://localhost:3000/_next/static/chunks/node_modules_next_dist_0u_w_5s._.js:1226
[  237530ms] [LOG] [Fast Refresh] rebuilding @ http://localhost:3000/_next/static/chunks/node_modules_next_dist_0u_w_5s._.js:1226
[  238624ms] [ERROR] ./src/components/projects/v2/files-tab/TrashFilesCollection.tsx:4:1
Export Restore doesn't exist in target module
  2 | import React, { useEffect, useState } from "react";
  3 | import { useInfiniteQuery, useQueryClient } from "@tanstack/react-query";
> 4 | import { Restore } from "lucide-react";
    | ^^^^^^^^^^^^^^^^^^^^^^^^^^^^^^^^^^^^^^^
  5 | import { toast } from "sonner";
  6 | import { getTrashPage, restoreNode } from "@/app/actions/files/mutations";
  7 | import { useFilesWorkspaceView } from "./FilesWorkspaceViews";

The export Restore was not found in module [project]/node_modules/lucide-react/dist/esm/lucide-react.js [app-client] (ecmascript).
Did you mean to import Store?
All exports of the module are statically known (It doesn't have dynamic exports). So it's known statically that the requested export doesn't exist.

Import traces:
  Client Component Browser:
    ./src/components/projects/v2/files-tab/TrashFilesCollection.tsx [Client Component Browser]
    ./src/components/projects/v2/files-tab/FilesTabMain.tsx [Client Component Browser]
    ./src/components/projects/v2/files-tab/FilesTabRoot.tsx [Client Component Browser]
    ./src/components/projects/dashboard/ProjectDashboardClient.tsx [Client Component Browser]
    ./src/components/projects/dashboard/ProjectDashboardClient.tsx [Server Component]
    ./src/app/(main)/projects/[slug]/page.tsx [Server Component]

  Client Component SSR:
    ./src/components/projects/v2/files-tab/TrashFilesCollection.tsx [Client Component SSR]
    ./src/components/projects/v2/files-tab/FilesTabMain.tsx [Client Component SSR]
    ./src/components/projects/v2/files-tab/FilesTabRoot.tsx [Client Component SSR]
    ./src/components/projects/dashboard/ProjectDashboardClient.tsx [Client Component SSR]
    ./src/components/projects/dashboard/ProjectDashboardClient.tsx [Server Component]
    ./src/app/(main)/projects/[slug]/page.tsx [Server Component] @ http://localhost:3000/_next/static/chunks/node_modules_next_dist_0u_w_5s._.js:1945
[  238625ms] [ERROR] ./src/components/projects/v2/files-tab/TrashFilesCollection.tsx:4:1
Export Restore doesn't exist in target module
  2 | import React, { useEffect, useState } from "react";
  3 | import { useInfiniteQuery, useQueryClient } from "@tanstack/react-query";
> 4 | import { Restore } from "lucide-react";
    | ^^^^^^^^^^^^^^^^^^^^^^^^^^^^^^^^^^^^^^^
  5 | import { toast } from "sonner";
  6 | import { getTrashPage, restoreNode } from "@/app/actions/files/mutations";
  7 | import { useFilesWorkspaceView } from "./FilesWorkspaceViews";

The export Restore was not found in module [project]/node_modules/lucide-react/dist/esm/lucide-react.js [app-ssr] (ecmascript).
Did you mean to import Store?
All exports of the module are statically known (It doesn't have dynamic exports). So it's known statically that the requested export doesn't exist.

Import traces:
  Client Component Browser:
    ./src/components/projects/v2/files-tab/TrashFilesCollection.tsx [Client Component Browser]
    ./src/components/projects/v2/files-tab/FilesTabMain.tsx [Client Component Browser]
    ./src/components/projects/v2/files-tab/FilesTabRoot.tsx [Client Component Browser]
    ./src/components/projects/dashboard/ProjectDashboardClient.tsx [Client Component Browser]
    ./src/components/projects/dashboard/ProjectDashboardClient.tsx [Server Component]
    ./src/app/(main)/projects/[slug]/page.tsx [Server Component]

  Client Component SSR:
    ./src/components/projects/v2/files-tab/TrashFilesCollection.tsx [Client Component SSR]
    ./src/components/projects/v2/files-tab/FilesTabMain.tsx [Client Component SSR]
    ./src/components/projects/v2/files-tab/FilesTabRoot.tsx [Client Component SSR]
    ./src/components/projects/dashboard/ProjectDashboardClient.tsx [Client Component SSR]
    ./src/components/projects/dashboard/ProjectDashboardClient.tsx [Server Component]
    ./src/app/(main)/projects/[slug]/page.tsx [Server Component] @ http://localhost:3000/_next/static/chunks/node_modules_next_dist_0u_w_5s._.js:1945
[  238676ms] [ERROR] ./src/components/projects/v2/files-tab/TrashFilesCollection.tsx:4:1
Export Restore doesn't exist in target module
  2 | import React, { useEffect, useState } from "react";
  3 | import { useInfiniteQuery, useQueryClient } from "@tanstack/react-query";
> 4 | import { Restore } from "lucide-react";
    | ^^^^^^^^^^^^^^^^^^^^^^^^^^^^^^^^^^^^^^^
  5 | import { toast } from "sonner";
  6 | import { getTrashPage, restoreNode } from "@/app/actions/files/mutations";
  7 | import { useFilesWorkspaceView } from "./FilesWorkspaceViews";

The export Restore was not found in module [project]/node_modules/lucide-react/dist/esm/lucide-react.js [app-client] (ecmascript).
Did you mean to import Store?
All exports of the module are statically known (It doesn't have dynamic exports). So it's known statically that the requested export doesn't exist.

Import traces:
  Client Component Browser:
    ./src/components/projects/v2/files-tab/TrashFilesCollection.tsx [Client Component Browser]
    ./src/components/projects/v2/files-tab/FilesTabMain.tsx [Client Component Browser]
    ./src/components/projects/v2/files-tab/FilesTabRoot.tsx [Client Component Browser]
    ./src/components/projects/dashboard/ProjectDashboardClient.tsx [Client Component Browser]
    ./src/components/projects/dashboard/ProjectDashboardClient.tsx [Server Component]
    ./src/app/(main)/projects/[slug]/page.tsx [Server Component]

  Client Component SSR:
    ./src/components/projects/v2/files-tab/TrashFilesCollection.tsx [Client Component SSR]
    ./src/components/projects/v2/files-tab/FilesTabMain.tsx [Client Component SSR]
    ./src/components/projects/v2/files-tab/FilesTabRoot.tsx [Client Component SSR]
    ./src/components/projects/dashboard/ProjectDashboardClient.tsx [Client Component SSR]
    ./src/components/projects/dashboard/ProjectDashboardClient.tsx [Server Component]
    ./src/app/(main)/projects/[slug]/page.tsx [Server Component] @ http://localhost:3000/_next/static/chunks/node_modules_next_dist_0u_w_5s._.js:1945
[  238676ms] [ERROR] ./src/components/projects/v2/files-tab/TrashFilesCollection.tsx:4:1
Export Restore doesn't exist in target module
  2 | import React, { useEffect, useState } from "react";
  3 | import { useInfiniteQuery, useQueryClient } from "@tanstack/react-query";
> 4 | import { Restore } from "lucide-react";
    | ^^^^^^^^^^^^^^^^^^^^^^^^^^^^^^^^^^^^^^^
  5 | import { toast } from "sonner";
  6 | import { getTrashPage, restoreNode } from "@/app/actions/files/mutations";
  7 | import { useFilesWorkspaceView } from "./FilesWorkspaceViews";

The export Restore was not found in module [project]/node_modules/lucide-react/dist/esm/lucide-react.js [app-ssr] (ecmascript).
Did you mean to import Store?
All exports of the module are statically known (It doesn't have dynamic exports). So it's known statically that the requested export doesn't exist.

Import traces:
  Client Component Browser:
    ./src/components/projects/v2/files-tab/TrashFilesCollection.tsx [Client Component Browser]
    ./src/components/projects/v2/files-tab/FilesTabMain.tsx [Client Component Browser]
    ./src/components/projects/v2/files-tab/FilesTabRoot.tsx [Client Component Browser]
    ./src/components/projects/dashboard/ProjectDashboardClient.tsx [Client Component Browser]
    ./src/components/projects/dashboard/ProjectDashboardClient.tsx [Server Component]
    ./src/app/(main)/projects/[slug]/page.tsx [Server Component]

  Client Component SSR:
    ./src/components/projects/v2/files-tab/TrashFilesCollection.tsx [Client Component SSR]
    ./src/components/projects/v2/files-tab/FilesTabMain.tsx [Client Component SSR]
    ./src/components/projects/v2/files-tab/FilesTabRoot.tsx [Client Component SSR]
    ./src/components/projects/dashboard/ProjectDashboardClient.tsx [Client Component SSR]
    ./src/components/projects/dashboard/ProjectDashboardClient.tsx [Server Component]
    ./src/app/(main)/projects/[slug]/page.tsx [Server Component] @ http://localhost:3000/_next/static/chunks/node_modules_next_dist_0u_w_5s._.js:1945
[  238756ms] [ERROR] Failed to load resource: the server responded with a status of 500 (Internal Server Error) @ http://localhost:3000/projects/deepscope-ai?tab=files:0
[  238823ms] [INFO] %cDownload the React DevTools for a better development experience: https://react.dev/link/react-devtools font-weight:bold @ http://localhost:3000/_next/static/chunks/node_modules_react-dom_0bruynb._.js:15305
[  238856ms] Error: ./src/components/projects/v2/files-tab/TrashFilesCollection.tsx:4:1
Export Restore doesn't exist in target module
  2 | import React, { useEffect, useState } from "react";
  3 | import { useInfiniteQuery, useQueryClient } from "@tanstack/react-query";
> 4 | import { Restore } from "lucide-react";
    | ^^^^^^^^^^^^^^^^^^^^^^^^^^^^^^^^^^^^^^^
  5 | import { toast } from "sonner";
  6 | import { getTrashPage, restoreNode } from "@/app/actions/files/mutations";
  7 | import { useFilesWorkspaceView } from "./FilesWorkspaceViews";

The export Restore was not found in module [project]/node_modules/lucide-react/dist/esm/lucide-react.js [app-client] (ecmascript).
Did you mean to import Store?
All exports of the module are statically known (It doesn't have dynamic exports). So it's known statically that the requested export doesn't exist.

Import traces:
  Client Component Browser:
    ./src/components/projects/v2/files-tab/TrashFilesCollection.tsx [Client Component Browser]
    ./src/components/projects/v2/files-tab/FilesTabMain.tsx [Client Component Browser]
    ./src/components/projects/v2/files-tab/FilesTabRoot.tsx [Client Component Browser]
    ./src/components/projects/dashboard/ProjectDashboardClient.tsx [Client Component Browser]
    ./src/components/projects/dashboard/ProjectDashboardClient.tsx [Server Component]
    ./src/app/(main)/projects/[slug]/page.tsx [Server Component]

  Client Component SSR:
    ./src/components/projects/v2/files-tab/TrashFilesCollection.tsx [Client Component SSR]
    ./src/components/projects/v2/files-tab/FilesTabMain.tsx [Client Component SSR]
    ./src/components/projects/v2/files-tab/FilesTabRoot.tsx [Client Component SSR]
    ./src/components/projects/dashboard/ProjectDashboardClient.tsx [Client Component SSR]
    ./src/components/projects/dashboard/ProjectDashboardClient.tsx [Server Component]
    ./src/app/(main)/projects/[slug]/page.tsx [Server Component]


    at <unknown> (Error: ./src/components/projects/v2/files-tab/TrashFilesCollection.tsx:4:1)
    at Object.getCompilationErrors (file:///Users/chrama/Downloads/nb-s3/node_modules/next/dist/server/dev/hot-reloader-turbopack.js:1186:59)
    at DevBundlerService.getCompilationError (file:///Users/chrama/Downloads/nb-s3/node_modules/next/dist/server/lib/dev-bundler-service.js:44:55)
    at DevServer.getCompilationError (file:///Users/chrama/Downloads/nb-s3/node_modules/next/dist/server/dev/next-dev-server.js:720:42)
    at DevServer.findPageComponents (file:///Users/chrama/Downloads/nb-s3/node_modules/next/dist/server/dev/next-dev-server.js:690:43)
    at async DevServer.renderErrorToResponseImpl (file:///Users/chrama/Downloads/nb-s3/node_modules/next/dist/server/base-server.js:1753:26)
[  238837ms] [LOG] [HMR] connected @ http://localhost:3000/_next/static/chunks/node_modules_next_dist_0u_w_5s._.js:1226
[  238913ms] [ERROR] ./src/components/projects/v2/files-tab/TrashFilesCollection.tsx:4:1
Export Restore doesn't exist in target module
  2 | import React, { useEffect, useState } from "react";
  3 | import { useInfiniteQuery, useQueryClient } from "@tanstack/react-query";
> 4 | import { Restore } from "lucide-react";
    | ^^^^^^^^^^^^^^^^^^^^^^^^^^^^^^^^^^^^^^^
  5 | import { toast } from "sonner";
  6 | import { getTrashPage, restoreNode } from "@/app/actions/files/mutations";
  7 | import { useFilesWorkspaceView } from "./FilesWorkspaceViews";

The export Restore was not found in module [project]/node_modules/lucide-react/dist/esm/lucide-react.js [app-client] (ecmascript).
Did you mean to import Store?
All exports of the module are statically known (It doesn't have dynamic exports). So it's known statically that the requested export doesn't exist.

Import traces:
  Client Component Browser:
    ./src/components/projects/v2/files-tab/TrashFilesCollection.tsx [Client Component Browser]
    ./src/components/projects/v2/files-tab/FilesTabMain.tsx [Client Component Browser]
    ./src/components/projects/v2/files-tab/FilesTabRoot.tsx [Client Component Browser]
    ./src/components/projects/dashboard/ProjectDashboardClient.tsx [Client Component Browser]
    ./src/components/projects/dashboard/ProjectDashboardClient.tsx [Server Component]
    ./src/app/(main)/projects/[slug]/page.tsx [Server Component]

  Client Component SSR:
    ./src/components/projects/v2/files-tab/TrashFilesCollection.tsx [Client Component SSR]
    ./src/components/projects/v2/files-tab/FilesTabMain.tsx [Client Component SSR]
    ./src/components/projects/v2/files-tab/FilesTabRoot.tsx [Client Component SSR]
    ./src/components/projects/dashboard/ProjectDashboardClient.tsx [Client Component SSR]
    ./src/components/projects/dashboard/ProjectDashboardClient.tsx [Server Component]
    ./src/app/(main)/projects/[slug]/page.tsx [Server Component] @ http://localhost:3000/_next/static/chunks/node_modules_next_dist_0u_w_5s._.js:1945
[  238913ms] [ERROR] ./src/components/projects/v2/files-tab/TrashFilesCollection.tsx:4:1
Export Restore doesn't exist in target module
  2 | import React, { useEffect, useState } from "react";
  3 | import { useInfiniteQuery, useQueryClient } from "@tanstack/react-query";
> 4 | import { Restore } from "lucide-react";
    | ^^^^^^^^^^^^^^^^^^^^^^^^^^^^^^^^^^^^^^^
  5 | import { toast } from "sonner";
  6 | import { getTrashPage, restoreNode } from "@/app/actions/files/mutations";
  7 | import { useFilesWorkspaceView } from "./FilesWorkspaceViews";

The export Restore was not found in module [project]/node_modules/lucide-react/dist/esm/lucide-react.js [app-ssr] (ecmascript).
Did you mean to import Store?
All exports of the module are statically known (It doesn't have dynamic exports). So it's known statically that the requested export doesn't exist.

Import traces:
  Client Component Browser:
    ./src/components/projects/v2/files-tab/TrashFilesCollection.tsx [Client Component Browser]
    ./src/components/projects/v2/files-tab/FilesTabMain.tsx [Client Component Browser]
    ./src/components/projects/v2/files-tab/FilesTabRoot.tsx [Client Component Browser]
    ./src/components/projects/dashboard/ProjectDashboardClient.tsx [Client Component Browser]
    ./src/components/projects/dashboard/ProjectDashboardClient.tsx [Server Component]
    ./src/app/(main)/projects/[slug]/page.tsx [Server Component]

  Client Component SSR:
    ./src/components/projects/v2/files-tab/TrashFilesCollection.tsx [Client Component SSR]
    ./src/components/projects/v2/files-tab/FilesTabMain.tsx [Client Component SSR]
    ./src/components/projects/v2/files-tab/FilesTabRoot.tsx [Client Component SSR]
    ./src/components/projects/dashboard/ProjectDashboardClient.tsx [Client Component SSR]
    ./src/components/projects/dashboard/ProjectDashboardClient.tsx [Server Component]
    ./src/app/(main)/projects/[slug]/page.tsx [Server Component] @ http://localhost:3000/_next/static/chunks/node_modules_next_dist_0u_w_5s._.js:1945
[  238923ms] [ERROR] Refused to execute script from 'http://localhost:3000/_next/static/development/_clientMiddlewareManifest.js' because its MIME type ('application/json') is not executable, and strict MIME type checking is enabled. @ http://localhost:3000/projects/deepscope-ai?tab=files:0
[  238942ms] [ERROR] ./src/components/projects/v2/files-tab/TrashFilesCollection.tsx:4:1
Export Restore doesn't exist in target module
  2 | import React, { useEffect, useState } from "react";
  3 | import { useInfiniteQuery, useQueryClient } from "@tanstack/react-query";
> 4 | import { Restore } from "lucide-react";
    | ^^^^^^^^^^^^^^^^^^^^^^^^^^^^^^^^^^^^^^^
  5 | import { toast } from "sonner";
  6 | import { getTrashPage, restoreNode } from "@/app/actions/files/mutations";
  7 | import { useFilesWorkspaceView } from "./FilesWorkspaceViews";

The export Restore was not found in module [project]/node_modules/lucide-react/dist/esm/lucide-react.js [app-client] (ecmascript).
Did you mean to import Store?
All exports of the module are statically known (It doesn't have dynamic exports). So it's known statically that the requested export doesn't exist.

Import traces:
  Client Component Browser:
    ./src/components/projects/v2/files-tab/TrashFilesCollection.tsx [Client Component Browser]
    ./src/components/projects/v2/files-tab/FilesTabMain.tsx [Client Component Browser]
    ./src/components/projects/v2/files-tab/FilesTabRoot.tsx [Client Component Browser]
    ./src/components/projects/dashboard/ProjectDashboardClient.tsx [Client Component Browser]
    ./src/components/projects/dashboard/ProjectDashboardClient.tsx [Server Component]
    ./src/app/(main)/projects/[slug]/page.tsx [Server Component]

  Client Component SSR:
    ./src/components/projects/v2/files-tab/TrashFilesCollection.tsx [Client Component SSR]
    ./src/components/projects/v2/files-tab/FilesTabMain.tsx [Client Component SSR]
    ./src/components/projects/v2/files-tab/FilesTabRoot.tsx [Client Component SSR]
    ./src/components/projects/dashboard/ProjectDashboardClient.tsx [Client Component SSR]
    ./src/components/projects/dashboard/ProjectDashboardClient.tsx [Server Component]
    ./src/app/(main)/projects/[slug]/page.tsx [Server Component] @ http://localhost:3000/_next/static/chunks/node_modules_next_dist_0u_w_5s._.js:1945
[  238942ms] [ERROR] ./src/components/projects/v2/files-tab/TrashFilesCollection.tsx:4:1
Export Restore doesn't exist in target module
  2 | import React, { useEffect, useState } from "react";
  3 | import { useInfiniteQuery, useQueryClient } from "@tanstack/react-query";
> 4 | import { Restore } from "lucide-react";
    | ^^^^^^^^^^^^^^^^^^^^^^^^^^^^^^^^^^^^^^^
  5 | import { toast } from "sonner";
  6 | import { getTrashPage, restoreNode } from "@/app/actions/files/mutations";
  7 | import { useFilesWorkspaceView } from "./FilesWorkspaceViews";

The export Restore was not found in module [project]/node_modules/lucide-react/dist/esm/lucide-react.js [app-ssr] (ecmascript).
Did you mean to import Store?
All exports of the module are statically known (It doesn't have dynamic exports). So it's known statically that the requested export doesn't exist.

Import traces:
  Client Component Browser:
    ./src/components/projects/v2/files-tab/TrashFilesCollection.tsx [Client Component Browser]
    ./src/components/projects/v2/files-tab/FilesTabMain.tsx [Client Component Browser]
    ./src/components/projects/v2/files-tab/FilesTabRoot.tsx [Client Component Browser]
    ./src/components/projects/dashboard/ProjectDashboardClient.tsx [Client Component Browser]
    ./src/components/projects/dashboard/ProjectDashboardClient.tsx [Server Component]
    ./src/app/(main)/projects/[slug]/page.tsx [Server Component]

  Client Component SSR:
    ./src/components/projects/v2/files-tab/TrashFilesCollection.tsx [Client Component SSR]
    ./src/components/projects/v2/files-tab/FilesTabMain.tsx [Client Component SSR]
    ./src/components/projects/v2/files-tab/FilesTabRoot.tsx [Client Component SSR]
    ./src/components/projects/dashboard/ProjectDashboardClient.tsx [Client Component SSR]
    ./src/components/projects/dashboard/ProjectDashboardClient.tsx [Server Component]
    ./src/app/(main)/projects/[slug]/page.tsx [Server Component] @ http://localhost:3000/_next/static/chunks/node_modules_next_dist_0u_w_5s._.js:1945
[  238970ms] [ERROR] ./src/components/projects/v2/files-tab/TrashFilesCollection.tsx:4:1
Export Restore doesn't exist in target module
  2 | import React, { useEffect, useState } from "react";
  3 | import { useInfiniteQuery, useQueryClient } from "@tanstack/react-query";
> 4 | import { Restore } from "lucide-react";
    | ^^^^^^^^^^^^^^^^^^^^^^^^^^^^^^^^^^^^^^^
  5 | import { toast } from "sonner";
  6 | import { getTrashPage, restoreNode } from "@/app/actions/files/mutations";
  7 | import { useFilesWorkspaceView } from "./FilesWorkspaceViews";

The export Restore was not found in module [project]/node_modules/lucide-react/dist/esm/lucide-react.js [app-client] (ecmascript).
Did you mean to import Store?
All exports of the module are statically known (It doesn't have dynamic exports). So it's known statically that the requested export doesn't exist.

Import traces:
  Client Component Browser:
    ./src/components/projects/v2/files-tab/TrashFilesCollection.tsx [Client Component Browser]
    ./src/components/projects/v2/files-tab/FilesTabMain.tsx [Client Component Browser]
    ./src/components/projects/v2/files-tab/FilesTabRoot.tsx [Client Component Browser]
    ./src/components/projects/dashboard/ProjectDashboardClient.tsx [Client Component Browser]
    ./src/components/projects/dashboard/ProjectDashboardClient.tsx [Server Component]
    ./src/app/(main)/projects/[slug]/page.tsx [Server Component]

  Client Component SSR:
    ./src/components/projects/v2/files-tab/TrashFilesCollection.tsx [Client Component SSR]
    ./src/components/projects/v2/files-tab/FilesTabMain.tsx [Client Component SSR]
    ./src/components/projects/v2/files-tab/FilesTabRoot.tsx [Client Component SSR]
    ./src/components/projects/dashboard/ProjectDashboardClient.tsx [Client Component SSR]
    ./src/components/projects/dashboard/ProjectDashboardClient.tsx [Server Component]
    ./src/app/(main)/projects/[slug]/page.tsx [Server Component] @ http://localhost:3000/_next/static/chunks/node_modules_next_dist_0u_w_5s._.js:1945
[  238970ms] [ERROR] ./src/components/projects/v2/files-tab/TrashFilesCollection.tsx:4:1
Export Restore doesn't exist in target module
  2 | import React, { useEffect, useState } from "react";
  3 | import { useInfiniteQuery, useQueryClient } from "@tanstack/react-query";
> 4 | import { Restore } from "lucide-react";
    | ^^^^^^^^^^^^^^^^^^^^^^^^^^^^^^^^^^^^^^^
  5 | import { toast } from "sonner";
  6 | import { getTrashPage, restoreNode } from "@/app/actions/files/mutations";
  7 | import { useFilesWorkspaceView } from "./FilesWorkspaceViews";

The export Restore was not found in module [project]/node_modules/lucide-react/dist/esm/lucide-react.js [app-ssr] (ecmascript).
Did you mean to import Store?
All exports of the module are statically known (It doesn't have dynamic exports). So it's known statically that the requested export doesn't exist.

Import traces:
  Client Component Browser:
    ./src/components/projects/v2/files-tab/TrashFilesCollection.tsx [Client Component Browser]
    ./src/components/projects/v2/files-tab/FilesTabMain.tsx [Client Component Browser]
    ./src/components/projects/v2/files-tab/FilesTabRoot.tsx [Client Component Browser]
    ./src/components/projects/dashboard/ProjectDashboardClient.tsx [Client Component Browser]
    ./src/components/projects/dashboard/ProjectDashboardClient.tsx [Server Component]
    ./src/app/(main)/projects/[slug]/page.tsx [Server Component]

  Client Component SSR:
    ./src/components/projects/v2/files-tab/TrashFilesCollection.tsx [Client Component SSR]
    ./src/components/projects/v2/files-tab/FilesTabMain.tsx [Client Component SSR]
    ./src/components/projects/v2/files-tab/FilesTabRoot.tsx [Client Component SSR]
    ./src/components/projects/dashboard/ProjectDashboardClient.tsx [Client Component SSR]
    ./src/components/projects/dashboard/ProjectDashboardClient.tsx [Server Component]
    ./src/app/(main)/projects/[slug]/page.tsx [Server Component] @ http://localhost:3000/_next/static/chunks/node_modules_next_dist_0u_w_5s._.js:1945
[  239043ms] [LOG] [Fast Refresh] rebuilding @ http://localhost:3000/_next/static/chunks/node_modules_next_dist_0u_w_5s._.js:1226
[  289264ms] [LOG] [Fast Refresh] rebuilding @ http://localhost:3000/_next/static/chunks/node_modules_next_dist_0u_w_5s._.js:1226
[  290335ms] [LOG] [Fast Refresh] done in 1156ms @ http://localhost:3000/_next/static/chunks/node_modules_next_dist_0u_w_5s._.js:1226
[  290687ms] [LOG] [Fast Refresh] rebuilding @ http://localhost:3000/_next/static/chunks/node_modules_next_dist_0u_w_5s._.js:1226
[  293448ms] [LOG] [Fast Refresh] done in 2861ms @ http://localhost:3000/_next/static/chunks/node_modules_next_dist_0u_w_5s._.js:1226
[  294251ms] [INFO] %cDownload the React DevTools for a better development experience: https://react.dev/link/react-devtools font-weight:bold @ http://localhost:3000/_next/static/chunks/node_modules_next_dist_115brz8._.js:2477
[  294336ms] [LOG] [HMR] connected @ http://localhost:3000/_next/static/chunks/node_modules_next_dist_115brz8._.js:2477
[  295245ms] [ERROR] Failed to load resource: the server responded with a status of 401 (Unauthorized) @ http://localhost:3000/api/v1/appearance:0
[  296446ms] [LOG] [Fast Refresh] rebuilding @ http://localhost:3000/_next/static/chunks/node_modules_next_dist_115brz8._.js:2477
[  296480ms] [LOG] [Fast Refresh] done in 136ms @ http://localhost:3000/_next/static/chunks/node_modules_next_dist_115brz8._.js:2477
[  296614ms] [LOG] [Fast Refresh] rebuilding @ http://localhost:3000/_next/static/chunks/node_modules_next_dist_115brz8._.js:2477
[  296774ms] [LOG] [Fast Refresh] done in 261ms @ http://localhost:3000/_next/static/chunks/node_modules_next_dist_115brz8._.js:2477
[  297086ms] [LOG] [Fast Refresh] rebuilding @ http://localhost:3000/_next/static/chunks/node_modules_next_dist_115brz8._.js:2477
[  297091ms] [LOG] [Fast Refresh] done in 107ms @ http://localhost:3000/_next/static/chunks/node_modules_next_dist_115brz8._.js:2477
[  297193ms] [LOG] [Fast Refresh] rebuilding @ http://localhost:3000/_next/static/chunks/node_modules_next_dist_115brz8._.js:2477
[  297248ms] [LOG] [Fast Refresh] done in 157ms @ http://localhost:3000/_next/static/chunks/node_modules_next_dist_115brz8._.js:2477
[  297703ms] [LOG] [Fast Refresh] rebuilding @ http://localhost:3000/_next/static/chunks/node_modules_next_dist_115brz8._.js:2477
[  297937ms] [LOG] [Fast Refresh] done in 334ms @ http://localhost:3000/_next/static/chunks/node_modules_next_dist_115brz8._.js:2477
[  401602ms] [LOG] [Fast Refresh] rebuilding @ http://localhost:3000/_next/static/chunks/node_modules_next_dist_115brz8._.js:2477
[  401745ms] [LOG] [Fast Refresh] done in 246ms @ http://localhost:3000/_next/static/chunks/node_modules_next_dist_115brz8._.js:2477
[  465203ms] [LOG] [Fast Refresh] rebuilding @ http://localhost:3000/_next/static/chunks/node_modules_next_dist_115brz8._.js:2477
[  465282ms] [LOG] [Fast Refresh] done in 182ms @ http://localhost:3000/_next/static/chunks/node_modules_next_dist_115brz8._.js:2477
[  516738ms] [LOG] [Fast Refresh] rebuilding @ http://localhost:3000/_next/static/chunks/node_modules_next_dist_115brz8._.js:2477
[  517163ms] [LOG] [Fast Refresh] done in 466ms @ http://localhost:3000/_next/static/chunks/node_modules_next_dist_115brz8._.js:2477
[  542026ms] [LOG] [Fast Refresh] rebuilding @ http://localhost:3000/_next/static/chunks/node_modules_next_dist_115brz8._.js:2477
[  542129ms] [LOG] [Fast Refresh] done in 205ms @ http://localhost:3000/_next/static/chunks/node_modules_next_dist_115brz8._.js:2477
[  546489ms] [LOG] [Fast Refresh] rebuilding @ http://localhost:3000/_next/static/chunks/node_modules_next_dist_115brz8._.js:2477
[  546505ms] [LOG] [Fast Refresh] done in 117ms @ http://localhost:3000/_next/static/chunks/node_modules_next_dist_115brz8._.js:2477
[ 1110621ms] [LOG] [Fast Refresh] rebuilding @ http://localhost:3000/_next/static/chunks/node_modules_next_dist_115brz8._.js:2477
[ 1110623ms] [LOG] [Fast Refresh] done in 104ms @ http://localhost:3000/_next/static/chunks/node_modules_next_dist_115brz8._.js:2477
[ 1111459ms] [LOG] [Fast Refresh] rebuilding @ http://localhost:3000/_next/static/chunks/node_modules_next_dist_115brz8._.js:2477
[ 1111477ms] [LOG] [Fast Refresh] done in 119ms @ http://localhost:3000/_next/static/chunks/node_modules_next_dist_115brz8._.js:2477
[ 1111656ms] [INFO] %cDownload the React DevTools for a better development experience: https://react.dev/link/react-devtools font-weight:bold @ http://localhost:3000/_next/static/chunks/node_modules_next_dist_115brz8._.js:2477
[ 1111686ms] [LOG] [HMR] connected @ http://localhost:3000/_next/static/chunks/node_modules_next_dist_115brz8._.js:2477
[ 1111960ms] [ERROR] Failed to load resource: the server responded with a status of 401 (Unauthorized) @ http://localhost:3000/api/v1/appearance:0
[ 1126386ms] [LOG] [Fast Refresh] rebuilding @ http://localhost:3000/_next/static/chunks/node_modules_next_dist_115brz8._.js:2477
[ 1126440ms] [LOG] [Fast Refresh] done in 156ms @ http://localhost:3000/_next/static/chunks/node_modules_next_dist_115brz8._.js:2477
[ 1136245ms] [ERROR] Failed to load resource: the server responded with a status of 401 (Unauthorized) @ http://localhost:3000/api/v1/appearance:0
[ 1137593ms] [ERROR] Failed to load resource: the server responded with a status of 401 (Unauthorized) @ http://localhost:3000/api/v1/appearance:0
[ 1138293ms] [LOG] [Fast Refresh] rebuilding @ http://localhost:3000/_next/static/chunks/node_modules_next_dist_115brz8._.js:2477
[ 1138458ms] [LOG] [Fast Refresh] done in 267ms @ http://localhost:3000/_next/static/chunks/node_modules_next_dist_115brz8._.js:2477
[ 1141349ms] [LOG] [Fast Refresh] rebuilding @ http://localhost:3000/_next/static/chunks/node_modules_next_dist_115brz8._.js:2477
