[    3587ms] [INFO] %cDownload the React DevTools for a better development experience: https://react.dev/link/react-devtools font-weight:bold @ webpack-internal:///(app-pages-browser)/./node_modules/next/dist/next-devtools/shared/forward-logs-shared.js:27
[    3792ms] [LOG] [HMR] connected @ webpack-internal:///(app-pages-browser)/./node_modules/next/dist/next-devtools/shared/forward-logs-shared.js:27
[    6818ms] [WARNING] The resource http://localhost:3000/_next/static/media/4cf2300e9c8272f7-s.p.woff2?v=1778163232230 was preloaded using link preload but not used within a few seconds from the window's load event. Please make sure it has an appropriate `as` value and it is preloaded intentionally. @ http://localhost:3000/projects/network-for-builders?fromTab=projects&tab=settings:0
[    6818ms] [WARNING] The resource http://localhost:3000/_next/static/media/93f479601ee12b01-s.p.woff2?v=1778163232230 was preloaded using link preload but not used within a few seconds from the window's load event. Please make sure it has an appropriate `as` value and it is preloaded intentionally. @ http://localhost:3000/projects/network-for-builders?fromTab=projects&tab=settings:0
[   11724ms] [LOG] [Fast Refresh] rebuilding @ webpack-internal:///(app-pages-browser)/./node_modules/next/dist/next-devtools/shared/forward-logs-shared.js:27
[   18322ms] [LOG] [Fast Refresh] done in 6598ms @ webpack-internal:///(app-pages-browser)/./node_modules/next/dist/next-devtools/shared/forward-logs-shared.js:27
[   18490ms] [LOG] [Fast Refresh] rebuilding @ webpack-internal:///(app-pages-browser)/./node_modules/next/dist/next-devtools/shared/forward-logs-shared.js:27
[   19414ms] [WARNING] The resource http://localhost:3000/_next/static/media/4cf2300e9c8272f7-s.p.woff2?v=1778163232230 was preloaded using link preload but not used within a few seconds from the window's load event. Please make sure it has an appropriate `as` value and it is preloaded intentionally. @ http://localhost:3000/projects/network-for-builders?fromTab=projects&tab=settings:0
[   19414ms] [WARNING] The resource http://localhost:3000/_next/static/media/93f479601ee12b01-s.p.woff2?v=1778163232230 was preloaded using link preload but not used within a few seconds from the window's load event. Please make sure it has an appropriate `as` value and it is preloaded intentionally. @ http://localhost:3000/projects/network-for-builders?fromTab=projects&tab=settings:0
[   19588ms] [LOG] [Fast Refresh] done in 1098ms @ webpack-internal:///(app-pages-browser)/./node_modules/next/dist/next-devtools/shared/forward-logs-shared.js:27
[   24716ms] [WARNING] The resource http://localhost:3000/_next/static/media/4cf2300e9c8272f7-s.p.woff2?v=1778163232230 was preloaded using link preload but not used within a few seconds from the window's load event. Please make sure it has an appropriate `as` value and it is preloaded intentionally. @ http://localhost:3000/projects/network-for-builders?fromTab=projects&tab=settings:0
[   24722ms] [WARNING] The resource http://localhost:3000/_next/static/media/93f479601ee12b01-s.p.woff2?v=1778163232230 was preloaded using link preload but not used within a few seconds from the window's load event. Please make sure it has an appropriate `as` value and it is preloaded intentionally. @ http://localhost:3000/projects/network-for-builders?fromTab=projects&tab=settings:0
[   28616ms] [LOG] [Fast Refresh] rebuilding @ webpack-internal:///(app-pages-browser)/./node_modules/next/dist/next-devtools/shared/forward-logs-shared.js:27
[   30144ms] [LOG] [Fast Refresh] done in 1529ms @ webpack-internal:///(app-pages-browser)/./node_modules/next/dist/next-devtools/shared/forward-logs-shared.js:27
[   30294ms] [LOG] [Fast Refresh] rebuilding @ webpack-internal:///(app-pages-browser)/./node_modules/next/dist/next-devtools/shared/forward-logs-shared.js:27
[   32733ms] [LOG] [Fast Refresh] done in 2437ms @ webpack-internal:///(app-pages-browser)/./node_modules/next/dist/next-devtools/shared/forward-logs-shared.js:27
[   33695ms] [LOG] [Fast Refresh] rebuilding @ webpack-internal:///(app-pages-browser)/./node_modules/next/dist/next-devtools/shared/forward-logs-shared.js:27
[   33700ms] [WARNING] The resource http://localhost:3000/_next/static/media/4cf2300e9c8272f7-s.p.woff2?v=1778163232230 was preloaded using link preload but not used within a few seconds from the window's load event. Please make sure it has an appropriate `as` value and it is preloaded intentionally. @ http://localhost:3000/projects/network-for-builders?fromTab=projects&tab=settings:0
[   33700ms] [WARNING] The resource http://localhost:3000/_next/static/media/93f479601ee12b01-s.p.woff2?v=1778163232230 was preloaded using link preload but not used within a few seconds from the window's load event. Please make sure it has an appropriate `as` value and it is preloaded intentionally. @ http://localhost:3000/projects/network-for-builders?fromTab=projects&tab=settings:0
[   34542ms] [LOG] [Fast Refresh] done in 848ms @ webpack-internal:///(app-pages-browser)/./node_modules/next/dist/next-devtools/shared/forward-logs-shared.js:27
[   34620ms] [LOG] [Fast Refresh] rebuilding @ webpack-internal:///(app-pages-browser)/./node_modules/next/dist/next-devtools/shared/forward-logs-shared.js:27
[   35409ms] [LOG] [Fast Refresh] done in 789ms @ webpack-internal:///(app-pages-browser)/./node_modules/next/dist/next-devtools/shared/forward-logs-shared.js:27
[   38025ms] [WARNING] The resource http://localhost:3000/_next/static/media/4cf2300e9c8272f7-s.p.woff2?v=1778163232230 was preloaded using link preload but not used within a few seconds from the window's load event. Please make sure it has an appropriate `as` value and it is preloaded intentionally. @ http://localhost:3000/projects/network-for-builders?fromTab=projects&tab=settings:0
[   38025ms] [WARNING] The resource http://localhost:3000/_next/static/media/93f479601ee12b01-s.p.woff2?v=1778163232230 was preloaded using link preload but not used within a few seconds from the window's load event. Please make sure it has an appropriate `as` value and it is preloaded intentionally. @ http://localhost:3000/projects/network-for-builders?fromTab=projects&tab=settings:0
